# Snapshot: callouts
# Theme: nord
# Viewport: 80x40
# Version: 1.0.0
# Captured: 2026-02-22T07:51:54.779Z
---

 Callouts

 ──────────────────────────────────────────────────────────────────────────────

 ┌─────────────────────────────────────┐
 ││ ℹ This is an informational message.│
 └─────────────────────────────────────┘

 ┌─────────────────────────────────────┐
 ││ ✓ Operation completed successfully.│
 └─────────────────────────────────────┘

 ┌────────────────────────────────────┐
 ││ ⚠ Please review before continuing.│
 └────────────────────────────────────┘

 ┌────────────────────────────────────────┐
 ││ ✗ An error occurred during processing.│
 └────────────────────────────────────────┘
