# Snapshot: dividers
# Theme: dark
# Viewport: 80x40
# Version: 1.0.0
# Captured: 2026-02-22T07:51:54.781Z
---

 Dividers & Spacing

 ──────────────────────────────────────────────────────────────────────────────

 Above divider

 ------------------------------------------------------------------------------

 Below dashed divider




 After 2-cell spacer
