# Snapshot: input-showcase
# Theme: dark
# Viewport: 80x40
# Version: 1.0.0
# Captured: 2026-02-22T07:51:54.768Z
---

 Input Showcase

 ──────────────────────────────────────────────────────────────────────────────

 Standard Input

  Hello world

 Empty with Placeholder

  Type here...

 Disabled Input

  Cannot edit
