# Snapshot: progress
# Theme: light
# Viewport: 80x40
# Version: 1.0.0
# Captured: 2026-02-22T07:51:54.777Z
---

 Progress & Indicators

 ──────────────────────────────────────────────────────────────────────────────

 Progress Bars

 [███████████████████░░░░░░░░░░░░░░░░░░░░░░░░░░░░░░░░░░░░░░░░░░░░░░░░░░░░░░░░░]

 [██████████████████████████████████████░░░░░░░░░░░░░░░░░░░░░░░░░░░░░░░░░░░░░░]

 [█████████████████████████████████████████████████████████░░░░░░░░░░░░░░░░░░░]

 [████████████████████████████████████████████████████████████████████████████]

 Gauge

 [▓▓▓▓▓░░░░░░] 42%

 Sparkline

 ▁▃▅▇▅▃▁▄█▂
