# Snapshot: select
# Theme: light
# Viewport: 80x40
# Version: 1.0.0
# Captured: 2026-02-22T07:51:54.783Z
---

 Select Inputs

 ──────────────────────────────────────────────────────────────────────────────

 With selected value

  United Kingdom ▼

 Placeholder state

  Choose a country ▼

 Disabled

  Choose a country ▼
