# Snapshot: surfaces
# Theme: dark
# Viewport: 80x40
# Version: 1.0.0
# Captured: 2026-02-22T07:51:54.773Z
---

 Surfaces & Elevation

 ──────────────────────────────────────────────────────────────────────────────

 Level 0: Base Background

 ╭──────────────────────────╮
 │                          │
 │ Level 1: Elevated (Card) │
 │                          │
 ╰──────────────────────────╯

 ┌─────────────────────────────┐
 │                             │
 │ Level 2: Overlay (Dropdown) │
 │                             │
 └─────────────────────────────┘

 ┏━━━━━━━━━━━━━━━━━━━━━━━━━━━━━━┓
 ┃                              ┃░
 ┃ Level 3: Modal (with shadow) ┃░
 ┃                              ┃░
 ┗━━━━━━━━━━━━━━━━━━━━━━━━━━━━━━┛░
  ░░░░░░░░░░░░░░░░░░░░░░░░░░░░░░░░
