# Snapshot: table
# Theme: light
# Viewport: 80x40
# Version: 1.0.0
# Captured: 2026-02-22T07:51:54.785Z
---

 Table

 ──────────────────────────────────────────────────────────────────────────────

 ╭────────────────────────────────────────────────────────────────────────────╮
 │Name                                           Role        Status      Score│
 │Alex Rivera                                    Engineer     ok            97│
 │Sam Patel                                      Designer     warn          81│
 │Mina Park                                      PM           ok            92│
 │Chris Longname-For-Overflow                    QA           error         64│
 │                                                                            │
 │                                                                            │
 │                                                                            │
 │                                                                            │
 │                                                                            │
 │                                                                            │
 │                                                                            │
 │                                                                            │
 │                                                                            │
 │                                                                            │
 │                                                                            │
 │                                                                            │
 │                                                                            │
 │                                                                            │
 │                                                                            │
 │                                                                            │
 │                                                                            │
 │                                                                            │
 │                                                                            │
 │                                                                            │
 │                                                                            │
 │                                                                            │
 │                                                                            │
 │                                                                            │
 │                                                                            │
 │                                                                            │
 │                                                                            │
 ╰────────────────────────────────────────────────────────────────────────────╯
